backtesting_results/AAPl_BollingerKeltnerChaikinSMAStrategy_backtesting_results.csv
type,price,quantity,date,balance,profit,Metric,Value
long,96.19000244140624,20.792181611787484,2020-07-30,98000.0,0.0,,
long,116.79000091552734,17.1450647490138,2020-10-01,98116.23425897078,0.0,,
long,116.5,17.182195348159173,2020-10-05,98084.56214496665,0.0,,
long,115.08000183105467,17.38922350994549,2020-10-07,98056.44179489216,0.0,,
long,116.31999969482422,17.203685955667968,2020-11-09,98055.50451054433,0.0,,
long,119.48999786376952,16.74677854422789,2020-11-11,98052.55409126579,0.0,,
long,119.26000213623048,16.77868192064552,2020-11-13,98050.25644326651,0.0,,
long,123.08000183105467,16.258724139294166,2020-12-02,98055.06604491199,0.0,,
long,122.25,16.368924619389603,2020-12-04,98053.95070129856,0.0,,
long,130.88999938964844,15.290687904424502,2021-01-13,98068.50839339396,0.0,,
long,139.07000732421875,14.389122529094182,2021-01-22,98053.67340000023,0.0,,
long,127.9000015258789,15.648273311209701,2021-04-07,98069.29483867345,0.0,,
long,130.47999572753906,15.342382673303156,2021-06-14,98091.82725748039,0.0,,
long,145.52000427246094,13.755807390318267,2021-08-02,98085.51236030294,0.0,,
long,147.05999755859375,13.613287706657369,2021-08-05,98096.53278836787,0.0,,
long,146.08999633789062,13.7028192558632,2021-08-09,98090.39593048378,0.0,,
long,149.10000610351562,13.425738366783639,2021-08-13,98087.10594915057,0.0,,
long,146.36000061035156,13.678508016747873,2021-08-18,98097.33564231594,0.0,,
long,149.7100067138672,13.373420369910496,2021-08-23,98104.60781496674,0.0,,
long,148.36000061035156,13.495031056219664,2021-08-25,98104.01797113568,0.0,,
long,148.60000610351562,13.47249039882127,2021-08-27,98098.59561922542,0.0,,
long,152.50999450683594,13.130511347436459,2021-09-01,98124.17646000459,0.0,,
long,144.83999633789062,13.836347656751956,2021-10-15,98198.77065275301,0.0,,
long,153.49000549316406,13.059130664682563,2021-11-17,98217.85583544562,0.0,,
long,152.99000549316406,13.180947465167526,2023-03-15,98811.10802995323,0.0,,
long,163.75999450683594,12.316037179433778,2023-04-26,98826.83486165307,0.0,,
long,168.5399932861328,11.97060142538893,2023-05-02,98858.72910943508,0.0,,
long,165.7899932861328,12.168373764676442,2023-05-04,98852.33563269423,0.0,,
long,179.5800018310547,11.239208297025943,2023-06-05,98898.51528141666,0.0,,
long,193.1300048828125,10.450450012996564,2023-07-20,98896.4776398431,0.0,,
long,193.17999267578125,10.457432658422547,2023-12-11,98988.17145371564,0.0,,
long,198.11000061035156,10.198862710640798,2023-12-14,99004.33819366708,0.0,,
partial_exit,96.19000244140624,10.396090805893742,2020-07-30,99000.0,0.0,,
partial_exit,106.26000213623048,5.198045402946871,2020-07-31,99552.34431562136,0.0,,
partial_exit,116.79000091552734,8.5725323745069,2020-10-01,99117.42032283783,0.0,,
partial_exit,116.5,8.591097674079586,2020-10-05,99085.42502399693,0.0,,
partial_exit,115.08000183105467,8.694611754972746,2020-10-07,99057.01773157473,0.0,,
partial_exit,116.31999969482422,8.601842977833984,2020-11-09,99056.0708831009,0.0,,
partial_exit,119.48999786376952,8.373389272113945,2020-11-11,99053.0903575032,0.0,,
partial_exit,119.26000213623048,8.38934096032276,2020-11-13,99050.76926411617,0.0,,
partial_exit,120.3000030517578,4.19467048016138,2020-11-16,99555.3881356807,0.0,,
partial_exit,123.08000183105467,8.129362069647083,2020-12-02,99055.62794332945,0.0,,
partial_exit,122.25,8.184462309694801,2020-12-04,99054.50121865874,0.0,,
partial_exit,123.75,4.092231154847401,2020-12-07,99560.91482407111,0.0,,
partial_exit,130.88999938964844,7.645343952212251,2021-01-13,99069.20745863268,0.0,,
partial_exit,139.07000732421875,7.194561264547091,2021-01-22,99054.22108775533,0.0,,
partial_exit,142.9199981689453,3.5972806322735456,2021-01-25,99568.34442913305,0.0,,
partial_exit,127.9000015258789,7.824136655604851,2021-04-07,99070.00192886399,0.0,,
partial_exit,130.36000061035156,3.9120683278024253,2021-04-08,99579.97915846405,0.0,,
partial_exit,130.47999572753906,7.671191336651578,2021-06-14,99092.76427031182,0.0,,
partial_exit,145.52000427246094,6.877903695159134,2021-08-02,99086.38493540807,0.0,,
partial_exit,147.36000061035156,3.438951847579567,2021-08-03,99593.14888176636,0.0,,
partial_exit,147.05999755859375,6.806643853328684,2021-08-05,99097.5178168206,0.0,,
partial_exit,146.08999633789062,6.8514096279316,2021-08-09,99091.3183379377,0.0,,
partial_exit,149.10000610351562,6.7128691833918195,2021-08-13,99087.99478536639,0.0,,
partial_exit,151.1199951171875,3.3564345916959097,2021-08-16,99595.21916447463,0.0,,
partial_exit,146.36000061035156,6.839254008373937,2021-08-18,99098.3288631559,0.0,,
partial_exit,146.6999969482422,3.4196270041869683,2021-08-19,99599.98813423426,0.0,,
partial_exit,149.7100067138672,6.686710184955248,2021-08-23,99105.67524165008,0.0,,
partial_exit,148.36000061035156,6.747515528109832,2021-08-25,99105.07937900441,0.0,,
partial_exit,148.60000610351562,6.736245199410635,2021-08-27,99099.60169697262,0.0,,
partial_exit,153.1199951171875,3.3681225997053175,2021-08-30,99615.32861299359,0.0,,
partial_exit,152.50999450683594,6.565255673718229,2021-09-01,99125.44356673933,0.0,,
partial_exit,153.64999389648438,3.2826278368591146,2021-09-02,99629.81931383716,0.0,,
partial_exit,144.83999633789062,6.918173828375978,2021-10-15,99200.79892471987,0.0,,
partial_exit,146.5500030517578,3.459086914187989,2021-10-18,99707.72812255041,0.0,,
partial_exit,153.49000549316406,6.5295653323412814,2021-11-17,99220.07885417466,0.0,,
partial_exit,157.8699951171875,3.2647826661706407,2021-11-18,99735.49007774169,0.0,,
partial_exit,152.99000549316406,6.590473732583763,2023-03-15,99819.38464250378,0.0,,
partial_exit,155.85000610351562,3.2952368662918814,2023-03-16,100332.94732822789,0.0,,
partial_exit,163.75999450683594,6.158018589716889,2023-04-26,99835.2719520781,0.0,,
partial_exit,168.41000366210938,3.0790092948584444,2023-04-27,100353.80791870087,0.0,,
partial_exit,168.5399932861328,5.985300712694465,2023-05-02,99867.4916513681,0.0,,
partial_exit,165.7899932861328,6.084186882338221,2023-05-04,99861.03293506867,0.0,,
partial_exit,173.57000732421875,3.0420934411691105,2023-05-05,100389.04911593335,0.0,,
partial_exit,179.5800018310547,5.6196041485129715,2023-06-05,99907.68380469643,0.0,,
partial_exit,193.1300048828125,5.225225006498282,2023-07-20,99905.6253708619,0.0,,
partial_exit,193.17999267578125,5.228716329211274,2023-12-11,99998.25483589641,0.0,,
partial_exit,194.7100067138672,2.614358164605637,2023-12-12,100507.29653167923,0.0,,
partial_exit,198.11000061035156,5.099431355320399,2023-12-14,100014.58654258205,0.0,,
full_exit,108.9375,5.198045402946871,2020-08-03,100118.60638670488,118.6063867048797,,
full_exit,113.0199966430664,8.5725323745069,2020-10-02,100086.28790302719,-32.31848367769271,,
full_exit,113.16000366210938,8.591097674079586,2020-10-06,100057.59366825731,-28.694234769878676,,
full_exit,114.97000122070312,8.694611754972746,2020-10-08,100056.63725565748,-0.9564125998294912,,
full_exit,115.97000122070312,8.601842977833984,2020-11-10,100053.6266237406,-3.0106319168844493,,
full_exit,119.20999908447266,8.373389272113945,2020-11-12,100051.28208496583,-2.3445387747633504,,
full_exit,119.38999938964844,4.19467048016138,2020-11-17,100056.18984174693,4.9077567811036715,,
full_exit,122.94000244140624,8.129362069647083,2020-12-03,100055.05173601894,-1.138105727994116,,
full_exit,124.37999725341795,4.092231154847401,2020-12-08,100069.90652387138,14.854787852440495,,
full_exit,128.91000366210938,7.645343952212251,2021-01-14,100054.76877551044,-15.13774836093944,,
full_exit,143.16000366210938,3.5972806322735456,2021-01-26,100083.33113762297,28.5623621125269,,
full_exit,127.79000091552734,16.507228991334436,2021-03-01,100191.12332278596,107.79218516299443,,
full_exit,121.02999877929688,16.01520478315733,2021-03-12,100125.62107168596,-65.50225109999883,,
full_exit,120.58999633789062,16.150596466933752,2021-03-25,100070.70901905454,-54.91205263142183,,
full_exit,133.0,3.9120683278024253,2021-04-09,100100.28424606177,29.575227007226204,,
full_exit,124.27999877929688,16.055863707774076,2021-06-01,100093.70128314325,-6.582962918517296,,
full_exit,129.63999938964844,7.671191336651578,2021-06-15,100087.2575105132,-6.44377263005299,,
full_exit,146.9499969482422,3.438951847579567,2021-08-04,100098.50284527334,11.245334760140395,,
full_exit,146.13999938964844,6.806643853328684,2021-08-06,100092.24074539161,-6.2620998817292275,,
full_exit,145.60000610351562,6.8514096279316,2021-08-10,100088.88362158222,-3.357123809386394,,
full_exit,150.19000244140625,3.3564345916959097,2021-08-17,100099.32208399587,10.43846241364372,,
full_exit,148.19000244140625,3.4196270041869683,2021-08-20,100106.74266833342,7.420584337553009,,
full_exit,149.6199951171875,6.686710184955248,2021-08-24,100106.14078687313,-0.6018814602866769,,
full_exit,147.5399932861328,6.747515528109832,2021-08-26,100100.60777471981,-5.53301215331885,,
full_exit,151.8300018310547,3.3681225997053175,2021-08-31,100126.71067347407,26.102898754252237,,
full_exit,154.3000030517578,3.2826278368591146,2021-09-03,100136.3287990823,9.61812560823455,,
full_exit,143.75999450683594,14.39360776747741,2021-10-14,100202.82719668675,66.49839760444593,,
full_exit,148.75999450683594,3.459086914187989,2021-10-19,100222.30187290368,19.47467621693795,,
full_exit,160.5500030517578,3.2647826661706407,2021-11-19,100259.65094475872,37.34907185503107,,
full_exit,159.3000030517578,12.526975242986614,2022-03-07,100250.0051203006,-9.645824458115385,,
full_exit,161.7899932861328,11.958726342668783,2022-04-22,100179.80727258566,-70.19784771493869,,
full_exit,166.02000427246094,12.796806870569716,2022-05-04,100300.7370584598,120.92978587413381,,
full_exit,143.11000061035156,13.636154801484247,2022-05-23,100246.19243925385,-54.54461920594622,,
full_exit,141.66000366210938,15.101867518394945,2022-06-24,100380.59919842929,134.40675917544286,,
full_exit,146.35000610351562,14.60718821526852,2022-07-07,100510.74929892046,130.15010049116972,,
full_exit,150.77000427246094,13.192984513994086,2022-09-26,100489.64064448344,-21.10865443701914,,
full_exit,142.99000549316406,14.108759957502194,2022-10-13,100497.25949541874,7.6188509352941765,,
full_exit,147.27000427246094,14.524823811146,2022-10-21,100626.38517023457,129.12567481583392,,
full_exit,148.30999755859375,14.25605815334925,2022-12-01,100728.17341674828,101.78824651370815,,
full_exit,129.92999267578125,15.227236748791587,2022-12-30,100692.08470765619,-36.08870909208781,,
full_exit,133.49000549316406,16.101716631222338,2023-01-11,100827.66125505432,135.57654739813006,,
full_exit,155.0,3.2952368662918814,2023-03-17,100843.70904250313,16.047787448813324,,
full_exit,169.67999267578125,3.0790092948584444,2023-04-28,100876.25419330111,32.5451507979742,,
full_exit,167.4499969482422,5.985300712694465,2023-05-03,100869.73023744309,-6.523955858021509,,
full_exit,173.5,3.0420934411691105,2023-05-08,100916.85232797619,47.122090533099254,,
full_exit,179.2100067138672,5.6196041485129715,2023-06-06,100914.77310188071,-2.07922609547677,,
full_exit,191.94000244140625,5.225225006498282,2023-07-21,100908.55507136608,-6.218030514632119,,
full_exit,178.61000061035156,11.373181944973336,2023-08-25,100921.74800407208,13.192932706006104,,
full_exit,176.0800018310547,11.58621710747442,2023-09-25,100943.41417348973,21.666169417643687,,
full_exit,177.49000549316406,11.740336151702355,2023-10-06,101008.33821807717,64.92404458744568,,
full_exit,197.9600067138672,2.614358164605637,2023-12-13,101024.83489149701,16.49667341983877,,
full_exit,197.57000732421875,5.099431355320399,2023-12-15,101022.08123280205,-2.7536586949572666,,
full_exit,183.6300048828125,11.106819767916292,2024-01-16,101041.184976361,19.10374355893873,,
full_exit,172.6199951171875,11.878813528857508,2024-03-15,101070.88201018314,29.697033822143567,,
full_exit,171.47999572753906,11.63606738429357,2024-03-28,101044.81715532349,-26.06485485965095,,
short,121.26000213623048,16.507228991334436,2021-02-26,98081.66451487051,0.0,,
short,125.12000274658205,16.01520478315733,2021-03-02,98187.30085633024,0.0,,
short,123.98999786376952,16.150596466933752,2021-03-15,98123.10865025225,0.0,,
short,124.69000244140624,16.055863707774076,2021-05-19,98098.27856114053,0.0,,
short,139.13999938964844,14.39360776747741,2021-10-04,98133.60222310065,0.0,,
short,160.07000732421875,12.526975242986614,2022-02-23,98254.45792586353,0.0,,
short,167.66000366210938,11.958726342668783,2022-04-12,98245.00501789458,0.0,,
short,156.57000732421875,12.796806870569716,2022-04-27,98176.21112713395,0.0,,
short,147.11000061035156,13.636154801484247,2022-05-13,98294.7223172906,0.0,,
short,132.75999450683594,15.101867518394945,2022-06-14,98241.26859046877,0.0,,
short,137.44000244140625,14.60718821526852,2022-06-28,98372.9872144607,0.0,,
short,152.3699951171875,13.192984513994086,2022-09-15,98500.53431294205,0.0,,
short,142.4499969482422,14.108759957502194,2022-10-03,98479.84783159377,0.0,,
short,138.3800048828125,14.524823811146,2022-10-14,98487.31430551036,0.0,,
short,141.1699981689453,14.25605815334925,2022-11-29,98613.85746682988,0.0,,
short,132.3000030517578,15.227236748791587,2022-12-20,98713.60994841332,0.0,,
short,125.06999969482422,16.101716631222338,2023-01-03,98678.24301350307,0.0,,
short,177.4499969482422,11.373181944973336,2023-08-15,98890.38396993876,0.0,,
short,174.2100067138672,11.58621710747442,2023-09-13,98903.31304399064,0.0,,
short,171.9600067138672,11.740336151702355,2023-09-26,98924.54589001993,0.0,,
short,181.91000366210935,11.106819767916292,2024-01-04,99001.63960814601,0.0,,
short,170.1199951171875,11.878813528857508,2024-03-05,99020.36127683378,0.0,,
short,173.72000122070312,11.63606738429357,2024-03-18,99049.46436997947,0.0,,
